// Jest Snapshot v1, https://goo.gl/fbAQLP

exports[`PageSkeleton should render 1`] = `
Object {
  "getInstance": [Function],
  "getPageSkeleton": [Function],
}
`;
